// Jest Snapshot v1, https://goo.gl/fbAQLP

exports[` 1`] = `
"<v-app>
  <v-app-bar app=\\"\\" color=\\"white\\">
    <v-container class=\\"py-0 fill-height\\">
      <div>
        <h2 id=\\"name\\" text=\\"\\" class=\\"font-weight-light\\">Maple Lantern</h2>
      </div>
      <v-spacer></v-spacer>
    </v-container>
    <v-spacer></v-spacer>
  </v-app-bar>
  <v-main>
    <router-view></router-view>
  </v-main>
</v-app>"
`;
