// Jest Snapshot v1, https://goo.gl/fbAQLP

exports[`Post.vue should have a custom title and match snapshot 1`] = `
"<div class=\\"login\\">
  <v-container></v-container>
  <v-container></v-container>
  <v-container>
    <v-card max-width=\\"800\\" class=\\"mx-auto\\">
      <v-form class=\\"pa-5\\">
        <v-text-field label=\\"Name\\" required=\\"\\"></v-text-field>
        <v-layout column=\\"\\" wrap=\\"\\">
          <v-menu nudge-right=\\"40\\" lazy=\\"\\" transition=\\"scale-transition\\" offset-y=\\"\\" full-width=\\"\\" max-width=\\"290px\\" min-width=\\"290px\\">
            <v-date-picker locale=\\"en-in\\" min=\\"2020-07-04\\" max=\\"2030-08-30\\" no-title=\\"\\"></v-date-picker>
          </v-menu>
          <v-menu nudge-right=\\"40\\" lazy=\\"\\" transition=\\"scale-transition\\" offset-y=\\"\\" full-width=\\"\\" max-width=\\"290px\\" min-width=\\"290px\\">
            <v-date-picker locale=\\"en-in\\" min=\\"2020-07-04\\" max=\\"2030-08-30\\" no-title=\\"\\"></v-date-picker>
          </v-menu>
        </v-layout>
        <v-overflow-btn items=\\"[object Object],[object Object],[object Object],[object Object],[object Object],[object Object],[object Object],[object Object]\\" item-text=\\"ages\\" label=\\"Select an Age Group\\" single-line=\\"\\" required=\\"\\"></v-overflow-btn>
        <v-text-field label=\\"Location\\" required=\\"\\"></v-text-field>
        <v-textarea label=\\"Description\\" required=\\"\\"></v-textarea>
        <p>Cost: 0</p>
        <v-text-field hide-details=\\"\\" type=\\"number\\" class=\\"inputField input-name p-3 styled-input\\"></v-text-field>
        <v-file-input label=\\"Upload an image\\" required=\\"\\"></v-file-input>
        <v-btn color=\\"success\\" class=\\"mr-4\\">
          Post
        </v-btn>
      </v-form>
    </v-card>
  </v-container>
</div>"
`;
